System OK
Error: Failed to load module
Warning: Low memory
Critical Error: Disk timeout
